// Jest Snapshot v1, https://goo.gl/fbAQLP

exports[`RemoveTrack render renders the as expected 1`] = `
<Fragment>
  <CommentAction
    as="a"
    className="remove-track"
    onClick={[Function]}
  >
    Remove
  </CommentAction>
  <Confirm
    cancelButton="No thanks"
    confirmButton="Do it!"
    content="Are you sure you want to remove: The track title"
    onCancel={[Function]}
    onConfirm={[Function]}
    open={false}
    size="small"
  />
</Fragment>
`;
