// Jest Snapshot v1, https://goo.gl/fbAQLP

exports[`VolumeButtons render render 1`] = `
<VolumeButtons
  disabled={false}
  onVolumeChange={[MockFunction]}
>
  <div
    className="c-volumeControls"
  >
    <VolumeDownButton
      disabled={false}
      onChange={[MockFunction]}
      volume={0}
    >
      <button
        className="c-button"
        disabled={false}
      >
        <Icon
          as="i"
          name="volume down"
        >
          <i
            aria-hidden="true"
            className="volume down icon"
            onClick={[Function]}
          />
        </Icon>
      </button>
    </VolumeDownButton>
    <VolumeUpButton
      disabled={false}
      onChange={[MockFunction]}
      volume={0}
    >
      <button
        className="c-button"
        disabled={false}
        onClick={[Function]}
      >
        <Icon
          as="i"
          name="volume up"
        >
          <i
            aria-hidden="true"
            className="volume up icon"
            onClick={[Function]}
          />
        </Icon>
      </button>
    </VolumeUpButton>
    <div
      className="c-volumeControls__indicator"
    >
      0
    </div>
  </div>
</VolumeButtons>
`;
