// Jest Snapshot v1, https://goo.gl/fbAQLP

exports[`ClearPlaylist render renders the as expected 1`] = `
<span>
  <Label
    as="a"
    className="jb-clear-button"
    color="red"
    horizontal={true}
    onClick={[Function]}
    size="mini"
  >
    CLEAR
  </Label>
  <Confirm
    cancelButton="No thanks"
    confirmButton="Do it!"
    content="Are you sure you want to nuke the playlist?"
    onCancel={[Function]}
    onConfirm={[Function]}
    open={false}
    size="small"
  />
</span>
`;
