// Jest Snapshot v1, https://goo.gl/fbAQLP

exports[`CurrentTrackContainer render just the app without redux renders as expected 1`] = `
<CurrentTrack
  progress={50}
  track={
    Object {
      "track": null,
    }
  }
/>
`;

exports[`CurrentTrackContainer render the connected app renders as expected 1`] = `
<Provider
  store={
    Object {
      "clearActions": [Function],
      "dispatch": [Function],
      "getActions": [Function],
      "getState": [Function],
      "replaceReducer": [Function],
      "subscribe": [Function],
    }
  }
>
  <Connect(CurrentTrackContainer)>
    <CurrentTrackContainer
      dispatch={[Function]}
      progress={0}
    >
      <CurrentTrack
        progress={0}
      >
        <Card>
          <div
            className="ui card"
            onClick={[Function]}
          >
            <Image
              as="img"
              src="default-artwork.png"
              ui={true}
            >
              <img
                className="ui image"
                src="default-artwork.png"
              />
            </Image>
            <CardContent>
              <div
                className="content"
              >
                <CardHeader>
                  <div
                    className="header"
                  >
                    Nothing playing
                  </div>
                </CardHeader>
                <CardDescription>
                  <div
                    className="description"
                  >
                    Drag some music here or press play.
                  </div>
                </CardDescription>
              </div>
            </CardContent>
          </div>
        </Card>
      </CurrentTrack>
    </CurrentTrackContainer>
  </Connect(CurrentTrackContainer)>
</Provider>
`;
