// Jest Snapshot v1, https://goo.gl/fbAQLP

exports[`CurrentTrackContainer render the connected app renders something even when no track is available 1`] = `
<Provider
  store={
    Object {
      "clearActions": [Function],
      "dispatch": [Function],
      "getActions": [Function],
      "getState": [Function],
      "replaceReducer": [Function],
      "subscribe": [Function],
    }
  }
>
  <CurrentTrackContainer>
    <CurrentTrack
      onVote={[Function]}
      userID="duncan123"
    >
      <div
        className="c-nowPlaying"
      >
        <div>
          <img
            className="c-nowPlaying__image"
            src="default-artwork.png"
          />
          <div
            className="c-nowPlaying__trackInfo"
          >
            <h6>
              Now playing
            </h6>
            <h4>
              -
            </h4>
            <p>
              Drag some music here or press play.
            </p>
          </div>
        </div>
      </div>
    </CurrentTrack>
  </CurrentTrackContainer>
</Provider>
`;
