// Jest Snapshot v1, https://goo.gl/fbAQLP

exports[`Settings when authorised user renders as expected 1`] = `
<DocumentFragment>
  <img
    class="ui mini rounded right floated image"
    src="myImage123"
    title="Fred Spanner"
  />
</DocumentFragment>
`;

exports[`Settings when nonauthorised user renders as expected 1`] = `<DocumentFragment />`;
