// Jest Snapshot v1, https://goo.gl/fbAQLP

exports[`SkipButtons render renders the as expected 1`] = `
<SkipButtons
  onNext={[MockFunction]}
  onPrevious={[MockFunction]}
>
  <PreviousButton
    onClick={[MockFunction]}
  >
    <button
      className="c-button"
      onClick={[MockFunction]}
    >
      <Icon
        as="i"
        name="step backward"
      >
        <i
          aria-hidden="true"
          className="step backward icon"
          onClick={[Function]}
        />
      </Icon>
    </button>
  </PreviousButton>
  <NextButton
    onClick={[MockFunction]}
  >
    <button
      className="c-button"
      onClick={[MockFunction]}
    >
      <Icon
        as="i"
        name="step forward"
      >
        <i
          aria-hidden="true"
          className="step forward icon"
          onClick={[Function]}
        />
      </Icon>
    </button>
  </NextButton>
</SkipButtons>
`;
