// Jest Snapshot v1, https://goo.gl/fbAQLP

exports[`SkipButtons render renders the as expected 1`] = `
<SkipButtons
  onNext={[MockFunction]}
  onPrevious={[MockFunction]}
>
  <PreviousButton
    onClick={[MockFunction]}
  >
    <Button
      animated="vertical"
      as="button"
      className="jb-previous-button"
      onClick={[MockFunction]}
    >
      <Ref
        innerRef={
          Object {
            "current": <button
              class="ui vertical animated button jb-previous-button"
            >
              <div
                class="hidden content"
              >
                Prev
              </div>
              <div
                class="visible content"
              >
                <i
                  aria-hidden="true"
                  class="step backward icon"
                />
              </div>
            </button>,
          }
        }
      >
        <RefFindNode
          innerRef={
            Object {
              "current": <button
                class="ui vertical animated button jb-previous-button"
              >
                <div
                  class="hidden content"
                >
                  Prev
                </div>
                <div
                  class="visible content"
                >
                  <i
                    aria-hidden="true"
                    class="step backward icon"
                  />
                </div>
              </button>,
            }
          }
        >
          <button
            className="ui vertical animated button jb-previous-button"
            onClick={[Function]}
          >
            <ButtonContent
              hidden={true}
            >
              <div
                className="hidden content"
              >
                Prev
              </div>
            </ButtonContent>
            <ButtonContent
              visible={true}
            >
              <div
                className="visible content"
              >
                <Icon
                  as="i"
                  name="step backward"
                >
                  <i
                    aria-hidden="true"
                    className="step backward icon"
                    onClick={[Function]}
                  />
                </Icon>
              </div>
            </ButtonContent>
          </button>
        </RefFindNode>
      </Ref>
    </Button>
  </PreviousButton>
  <NextButton
    onClick={[MockFunction]}
  >
    <Button
      animated="vertical"
      as="button"
      className="jb-next-button"
      onClick={[MockFunction]}
    >
      <Ref
        innerRef={
          Object {
            "current": <button
              class="ui vertical animated button jb-next-button"
            >
              <div
                class="hidden content"
              >
                Next
              </div>
              <div
                class="visible content"
              >
                <i
                  aria-hidden="true"
                  class="step forward icon"
                />
              </div>
            </button>,
          }
        }
      >
        <RefFindNode
          innerRef={
            Object {
              "current": <button
                class="ui vertical animated button jb-next-button"
              >
                <div
                  class="hidden content"
                >
                  Next
                </div>
                <div
                  class="visible content"
                >
                  <i
                    aria-hidden="true"
                    class="step forward icon"
                  />
                </div>
              </button>,
            }
          }
        >
          <button
            className="ui vertical animated button jb-next-button"
            onClick={[Function]}
          >
            <ButtonContent
              hidden={true}
            >
              <div
                className="hidden content"
              >
                Next
              </div>
            </ButtonContent>
            <ButtonContent
              visible={true}
            >
              <div
                className="visible content"
              >
                <Icon
                  as="i"
                  name="step forward"
                >
                  <i
                    aria-hidden="true"
                    className="step forward icon"
                    onClick={[Function]}
                  />
                </Icon>
              </div>
            </ButtonContent>
          </button>
        </RefFindNode>
      </Ref>
    </Button>
  </NextButton>
</SkipButtons>
`;
