// Jest Snapshot v1, https://goo.gl/fbAQLP

exports[`DraggableSearchItem render with valid props it renders correctly 1`] = `
<DraggableSearchItem
  action={[MockFunction swapMock]}
  i={1}
  onClick={[MockFunction onClickMock]}
  onRemove={[MockFunction onRemoveMock]}
  track={
    Object {
      "album": Object {
        "name": "album name",
      },
      "artist": Object {
        "name": "artist name",
      },
      "explicit": false,
      "image": "image1",
      "metrics": Object {},
      "name": "track name",
    }
  }
>
  <div
    className="draggable search-list-item-draggable"
    draggable={true}
    onDragOver={[Function]}
    onDragStart={[Function]}
    onDrop={[Function]}
    title="You can drag this to sort."
  >
    <SearchItem
      track={
        Object {
          "album": Object {
            "name": "album name",
          },
          "artist": Object {
            "name": "artist name",
          },
          "explicit": false,
          "image": "image1",
          "metrics": Object {},
          "name": "track name",
        }
      }
    >
      <div
        className="search-list-item"
      >
        <Image
          alt="track name"
          as="img"
          className="search-list-item__image"
          disabled={false}
          floated="left"
          size="tiny"
          src="image1"
          title="Click to add - track name - artist name"
          ui={true}
        >
          <img
            alt="track name"
            className="ui tiny left floated image search-list-item__image"
            src="image1"
            title="Click to add - track name - artist name"
          />
        </Image>
        <ListContent>
          <div
            className="content"
          >
            <div
              className="search-list-item__header"
            >
              track name
               - 
              artist name
            </div>
            <div
              className="search-list-item__content"
            >
              album name
            </div>
            <VoteInfo
              metrics={Object {}}
            >
              <VotedBy
                show={false}
                size="mini"
              />
            </VoteInfo>
          </div>
        </ListContent>
      </div>
    </SearchItem>
    <span
      className="search-list-item__remove"
      onClick={[MockFunction onRemoveMock]}
    >
      Remove
    </span>
  </div>
</DraggableSearchItem>
`;
