// Jest Snapshot v1, https://goo.gl/fbAQLP

exports[`Tracklist render renders the as expected 1`] = `
<List
  relaxed={true}
>
  <ListItem
    key="0-spotify:track:1yzSSn5Sj1azuo7RgwvDb3"
  >
    <Image
      as="img"
      avatar={true}
      bordered={true}
      size="mini"
      src="album-image.jpg"
      ui={true}
    />
    <ListContent>
      <ListHeader
        as="h3"
      >
        No Time for Caution
      </ListHeader>
      <ListDescription>
        Hans Zimmer
         
        <small>
          (
          4:06
          )
        </small>
      </ListDescription>
    </ListContent>
  </ListItem>
  <ListItem
    key="1-local:track:Soundtracks/Silent%20Running%20OST/Silent%20Running%20"
  >
    <Image
      as="img"
      avatar={true}
      bordered={false}
      size="mini"
      src="default-image.jpg"
      ui={true}
    />
    <ListContent>
      <ListHeader
        as="h5"
      >
        2:18
      </ListHeader>
      <ListHeader
        as="h3"
      >
        Silent Running
      </ListHeader>
      <ListDescription>
        Joan Baez
         
        <small>
          (
          2:04
          )
        </small>
      </ListDescription>
    </ListContent>
  </ListItem>
</List>
`;
