// Jest Snapshot v1, https://goo.gl/fbAQLP

exports[`Dashboard render renders the happy path correctly 1`] = `
<DimmerDimmable
  blurring={true}
  dimmed={false}
>
  <DragInTrack
    disabled={false}
    onDrop={[MockFunction onDropMock]}
  >
    <SearchContainer>
      <div
        className="c-header"
      >
        <Controls
          disabled={false}
          onNext={[MockFunction onNextMock]}
          onPause={[MockFunction onPauseMock]}
          onPlay={[MockFunction onPlayMock]}
          onPrevious={[MockFunction onPreviousMock]}
          onStop={[MockFunction onStopMock]}
        />
        <div
          className="c-header__actions"
        >
          <SearchButton
            disabled={false}
            onClick={[MockFunction onSearchClickMock]}
          />
          <VolumeButtons
            disabled={false}
            onVolumeChange={[MockFunction onVolumeChangeMock]}
          />
          <Settings />
        </div>
      </div>
      <div
        className="c-main"
      >
        <div
          className="c-main__nowPlaying"
        >
          <CurrentTrackContainer />
        </div>
        <div
          className="c-main__trackList"
        >
          <h6>
            Tracklist
            <ClearPlaylist
              disabled={false}
              onClear={[MockFunction onTracklistClearMock]}
            />
          </h6>
          <Tracklist
            currentTrack={
              Object {
                "title": "track1",
              }
            }
            disabled={false}
            onArtistSearch={[MockFunction onArtistSearch]}
            onRemoveTrack={[MockFunction onRemoveTrackMock]}
            tracks={
              Array [
                "track1",
                "track2",
              ]
            }
          />
        </div>
      </div>
    </SearchContainer>
  </DragInTrack>
</DimmerDimmable>
`;
