// Jest Snapshot v1, https://jestjs.io/docs/snapshot-testing

exports[`Search render valid props everything renders as expected 1`] = `
<div
  class="pushable"
>
  <div
    class="ui overlay right very wide visible sidebar sidebar-search"
    icon="labeled"
    inverted="true"
    vertical="true"
  >
    <div
      class="ui horizontal divider"
    >
      <h4
        class="ui inverted header"
      >
        Your Mix
      </h4>
    </div>
    <div
      class="ui tiny divided inverted list"
      role="list"
    >
      <div
        class="draggable search-list-item-draggable"
        draggable="true"
        title="You can drag this to sort."
      >
        <div
          class="search-list-item"
        >
          <img
            alt="Track name 2"
            class="ui tiny left floated image search-list-item__image"
            src="image2"
            title="Click to add - Track name 2 - Artist name 2"
          />
          <div
            class="content"
          >
            <div
              class="search-list-item__header"
            >
              Track name 2 - Artist name 2
            </div>
            <div
              class="search-list-item__content"
            >
              Album name 2
            </div>
          </div>
        </div>
        <span
          class="search-list-item__remove"
        >
          Remove
        </span>
      </div>
    </div>
    <button
      class="ui fluid button search-list-item__add_to_mix"
    >
      Add mix to playlist
    </button>
    <div
      class="ui horizontal divider"
    />
    <form
      class="ui inverted form"
    >
      <div
        class="field"
      >
        <label>
          SEARCH
        </label>
        <input
          aria-label="search-input"
          placeholder="track, artist or album"
          value=""
        />
      </div>
      <button
        class="ui fluid button"
        type="submit"
      >
        Find
      </button>
    </form>
    <div
      class="ui horizontal divider"
    >
      <h4
        class="ui inverted header"
      >
        Results
      </h4>
    </div>
    <div
      aria-label="Pagination Navigation"
      class="ui pagination pointing secondary search-list-pagination menu"
      role="navigation"
    >
      <a
        aria-current="false"
        aria-disabled="false"
        aria-label="Previous item"
        class="item"
        tabindex="0"
        type="prevItem"
        value="1"
      >
        ⟨
      </a>
      <a
        aria-current="true"
        aria-disabled="false"
        class="active item"
        tabindex="0"
        type="pageItem"
        value="1"
      >
        1
      </a>
      <a
        aria-current="false"
        aria-disabled="false"
        class="item"
        tabindex="0"
        type="pageItem"
        value="2"
      >
        2
      </a>
      <a
        aria-current="false"
        aria-disabled="false"
        aria-label="Next item"
        class="item"
        tabindex="0"
        type="nextItem"
        value="2"
      >
        ⟩
      </a>
    </div>
    <div
      class="ui tiny divided inverted relaxed list"
      role="list"
    >
      <div
        class="search-list-item disabled"
      >
        <img
          alt="Happiness"
          class="ui tiny disabled left floated image search-list-item__image"
          title="Click to add - Happiness - Ken Dodd"
        />
        <div
          class="content"
        >
          <div
            class="search-list-item__header"
          >
            Happiness - Ken Dodd
          </div>
          <div
            class="search-list-item__content"
          >
            Ken Dodd
          </div>
          <span
            class="search-list-item__add"
          >
            Add to mix
          </span>
        </div>
      </div>
      <div
        class="search-list-item"
      >
        <img
          alt="Chicken Song"
          class="ui tiny left floated image search-list-item__image"
          src="https://i.scdn.co/image/e0fc5e87ca6e137d4d7ef434f73edbfb4543286b"
          title="Click to add - Chicken Song - 3 Shades"
        />
        <div
          class="content"
        >
          <div
            class="search-list-item__header"
          >
            Chicken Song - 3 Shades
          </div>
          <div
            class="search-list-item__content"
          >
            Chicken Song
          </div>
          <div
            class="ui grey mini basic label track-label vote-track-label"
          >
            <i
              aria-hidden="true"
              class="thumbs down icon"
            />
            -1
          </div>
          <span
            class="search-list-item__add"
          >
            Add to mix
          </span>
        </div>
      </div>
      <div
        class="search-list-item"
      >
        <img
          alt="I Know Him So Well"
          class="ui tiny left floated image search-list-item__image"
          src="https://i.scdn.co/image/ab67616d0000b273f5d46038d259167ee9791bee"
          title="Click to add - I Know Him So Well - Geraldine McQueen"
        />
        <div
          class="content"
        >
          <div
            class="search-list-item__header"
          >
            I Know Him So Well - Geraldine McQueen
          </div>
          <div
            class="search-list-item__content"
          >
            I Know Him So Well
          </div>
          <span
            class="search-list-item__add"
          >
            Add to mix
          </span>
        </div>
      </div>
    </div>
  </div>
  <div
    class="pusher dimmed"
  />
</div>
`;
